// Vitest Snapshot v1, https://vitest.dev/guide/snapshot.html

exports[`ListByGenre > renders correctly 1`] = `
"<div class="my-9">
  <div class="w-full flex sm:gap-8 gap-4 items-center">
    <div class="text-teal-500"><svg stroke="currentColor" fill="currentColor" stroke-width="0" viewBox="0 0 16 16" class="sm:w-6 sm:h-6 w-4 h-4 text-subMain" height="1em" width="1em" xmlns="http://www.w3.org/2000/svg">
        <path d="M0 13a1.5 1.5 0 0 0 1.5 1.5h13A1.5 1.5 0 0 0 16 13V6a1.5 1.5 0 0 0-1.5-1.5h-13A1.5 1.5 0 0 0 0 6v7zM2 3a.5.5 0 0 0 .5.5h11a.5.5 0 0 0 0-1h-11A.5.5 0 0 0 2 3zm2-2a.5.5 0 0 0 .5.5h7a.5.5 0 0 0 0-1h-7A.5.5 0 0 0 4 1z"></path>
      </svg></div>
    <h2 class="sm:text-xl font-bold text-lg">Action</h2>
  </div>
</div>
<div>
  <div class="swiper swiper-initialized swiper-horizontal" style="--swiper-navigation-color: rgb(20 184 166 / var(--tw-text-opacity)); --swiper-pagination-color: rgb(20 184 166 / var(--tw-text-opacity));" lazy="false">
    <div class="swiper-wrapper" style="transition-duration: 0ms; transition-delay: 0ms; transform: translate3d(NaNpx, 0px, 0px);"></div>
    <div class="swiper-button-prev"></div>
    <div class="swiper-button-next"></div>
    <!---->
    <!---->
  </div>
</div>"
`;
